../Core/Inc/CliCommand.h:23:2:CliCommand::CliCommand(const char*)	16	static
../Core/Inc/CliCommand.h:27:10:CliCommand::~CliCommand()	16	static
../Core/Inc/CliCommand.h:27:10:virtual CliCommand::~CliCommand()	16	static
../Core/Src/CliCommand.cpp:16:2:LedOnCmd::LedOnCmd(const char*, Led*)	24	static
../Core/Src/CliCommand.cpp:17:7:virtual void LedOnCmd::doCommand(const char*)	16	static
../Core/Src/CliCommand.cpp:25:2:LedOffCmd::LedOffCmd(const char*, Led*)	24	static
../Core/Src/CliCommand.cpp:26:7:virtual void LedOffCmd::doCommand(const char*)	16	static
../Core/Src/CliCommand.cpp:34:2:LedBlinkCmd::LedBlinkCmd(const char*, Led*)	24	static
../Core/Src/CliCommand.cpp:35:7:virtual void LedBlinkCmd::doCommand(const char*)	16	static
../Core/Src/CliCommand.cpp:43:2:BuzzerOnCmd::BuzzerOnCmd(const char*, Buzzer*)	24	static
../Core/Src/CliCommand.cpp:44:7:virtual void BuzzerOnCmd::doCommand(const char*)	16	static
../Core/Src/CliCommand.cpp:52:2:BuzzerOffCmd::BuzzerOffCmd(const char*, Buzzer*)	24	static
../Core/Src/CliCommand.cpp:53:7:virtual void BuzzerOffCmd::doCommand(const char*)	16	static
../Core/Src/CliCommand.cpp:61:2:getDataTimeCmd::getDataTimeCmd(const char*, Rtc*)	24	static
../Core/Src/CliCommand.cpp:62:7:virtual void getDataTimeCmd::doCommand(const char*)	48	static
../Core/Src/CliCommand.cpp:74:2:setDataTimeCmd::setDataTimeCmd(const char*, Rtc*)	24	static
../Core/Src/CliCommand.cpp:75:7:virtual void setDataTimeCmd::doCommand(const char*)	24	static
../Core/Src/CliCommand.cpp:94:2:setCriticalTempCmd::setCriticalTempCmd(const char*, Flash*)	24	static
../Core/Src/CliCommand.cpp:95:7:virtual void setCriticalTempCmd::doCommand(const char*)	24	static
../Core/Src/CliCommand.cpp:111:2:setWarningTempCmd::setWarningTempCmd(const char*, Flash*)	24	static
../Core/Src/CliCommand.cpp:112:7:virtual void setWarningTempCmd::doCommand(const char*)	24	static
../Core/Src/CliCommand.cpp:128:2:getCriticalTempCmd::getCriticalTempCmd(const char*, Flash*)	24	static
../Core/Src/CliCommand.cpp:129:7:virtual void getCriticalTempCmd::doCommand(const char*)	16	static
../Core/Src/CliCommand.cpp:140:2:clearFileCmd::clearFileCmd(const char*, File*)	24	static
../Core/Src/CliCommand.cpp:141:7:virtual void clearFileCmd::doCommand(const char*)	16	static
../Core/Src/CliCommand.cpp:151:2:printFileCmd::printFileCmd(const char*, File*)	24	static
../Core/Src/CliCommand.cpp:152:7:virtual void printFileCmd::doCommand(const char*)	16	static
../Core/Src/CliCommand.cpp:161:2:helpCmd::helpCmd(const char*)	16	static
../Core/Src/CliCommand.cpp:162:7:virtual void helpCmd::doCommand(const char*)	16	static
../Core/Src/CliCommand.cpp:177:6:void CliInit()	16	static
../Core/Src/CliCommand.cpp:158:7:helpCmd::~helpCmd()	16	static
../Core/Src/CliCommand.cpp:158:7:virtual helpCmd::~helpCmd()	16	static
../Core/Src/CliCommand.cpp:147:7:printFileCmd::~printFileCmd()	16	static
../Core/Src/CliCommand.cpp:147:7:virtual printFileCmd::~printFileCmd()	16	static
../Core/Src/CliCommand.cpp:136:7:clearFileCmd::~clearFileCmd()	16	static
../Core/Src/CliCommand.cpp:136:7:virtual clearFileCmd::~clearFileCmd()	16	static
../Core/Src/CliCommand.cpp:124:7:getCriticalTempCmd::~getCriticalTempCmd()	16	static
../Core/Src/CliCommand.cpp:124:7:virtual getCriticalTempCmd::~getCriticalTempCmd()	16	static
../Core/Src/CliCommand.cpp:107:7:setWarningTempCmd::~setWarningTempCmd()	16	static
../Core/Src/CliCommand.cpp:107:7:virtual setWarningTempCmd::~setWarningTempCmd()	16	static
../Core/Src/CliCommand.cpp:90:7:setCriticalTempCmd::~setCriticalTempCmd()	16	static
../Core/Src/CliCommand.cpp:90:7:virtual setCriticalTempCmd::~setCriticalTempCmd()	16	static
../Core/Src/CliCommand.cpp:71:7:setDataTimeCmd::~setDataTimeCmd()	16	static
../Core/Src/CliCommand.cpp:71:7:virtual setDataTimeCmd::~setDataTimeCmd()	16	static
../Core/Src/CliCommand.cpp:58:7:getDataTimeCmd::~getDataTimeCmd()	16	static
../Core/Src/CliCommand.cpp:58:7:virtual getDataTimeCmd::~getDataTimeCmd()	16	static
../Core/Src/CliCommand.cpp:49:7:BuzzerOffCmd::~BuzzerOffCmd()	16	static
../Core/Src/CliCommand.cpp:49:7:virtual BuzzerOffCmd::~BuzzerOffCmd()	16	static
../Core/Src/CliCommand.cpp:40:7:BuzzerOnCmd::~BuzzerOnCmd()	16	static
../Core/Src/CliCommand.cpp:40:7:virtual BuzzerOnCmd::~BuzzerOnCmd()	16	static
../Core/Src/CliCommand.cpp:31:7:LedBlinkCmd::~LedBlinkCmd()	16	static
../Core/Src/CliCommand.cpp:31:7:virtual LedBlinkCmd::~LedBlinkCmd()	16	static
../Core/Src/CliCommand.cpp:22:7:LedOffCmd::~LedOffCmd()	16	static
../Core/Src/CliCommand.cpp:22:7:virtual LedOffCmd::~LedOffCmd()	16	static
../Core/Src/CliCommand.cpp:13:7:LedOnCmd::~LedOnCmd()	16	static
../Core/Src/CliCommand.cpp:13:7:virtual LedOnCmd::~LedOnCmd()	16	static
