../Core/Src/main.c:143:5:main	8	static
../Core/Src/main.c:252:6:SystemClock_Config	96	static
../Core/Src/main.c:302:13:MX_I2C1_Init	8	static
../Core/Src/main.c:350:13:MX_SPI1_Init	8	static
../Core/Src/main.c:390:13:MX_TIM3_Init	48	static
../Core/Src/main.c:439:13:MX_TIM6_Init	24	static
../Core/Src/main.c:477:13:MX_TIM16_Init	8	static
../Core/Src/main.c:509:13:MX_USART2_UART_Init	8	static
../Core/Src/main.c:544:13:MX_GPIO_Init	48	static
../Core/Src/main.c:599:6:StartDefaultTask	16	static
../Core/Src/main.c:614:6:Error_Handler	4	static,ignoring_inline_asm
