../Core/Inc/Led.h:23:5:Led::~Led()	16	static
../Core/Inc/Buzzer.h:24:2:Buzzer::Buzzer(TIM_HandleTypeDef*)	16	static
../Core/Inc/Buzzer.h:27:2:Buzzer::~Buzzer()	16	static
../Core/Inc/Button.h:34:5:Button::~Button()	16	static
../Core/Inc/DHT.h:24:2:Dht::Dht(GPIO_TypeDef*, uint16_t, TIM_HandleTypeDef*)	24	static
../Core/Inc/DHT.h:31:2:Dht::~Dht()	16	static
../Core/Inc/Flash.h:24:2:Flash::Flash(uint32_t)	16	static
../Core/Inc/Flash.h:29:2:Flash::~Flash()	16	static
../Core/Inc/RTC.h:29:2:Rtc::Rtc(I2C_HandleTypeDef*, uint32_t)	24	static
../Core/Inc/RTC.h:33:2:Rtc::~Rtc()	16	static
../Core/Inc/File.h:25:2:File::~File()	16	static
../Core/Inc/SDcard.h:22:2:SDcard::~SDcard()	16	static
../Core/Src/MyMain.cpp:38:16:int _write(int, char*, int)	24	static
../Core/Src/MyMain.cpp:46:17:void HAL_GPIO_EXTI_Callback(uint16_t)	16	static
../Core/Src/MyMain.cpp:53:6:void sendLog()	72	static
../Core/Src/MyMain.cpp:63:6:void sendWarning(const char*)	88	static
../Core/Src/MyMain.cpp:73:17:void StartSendLogTask(void*)	24	static
../Core/Src/MyMain.cpp:88:17:void StartManagerTask(void*)	40	static
../Core/Src/MyMain.cpp:138:1:void __static_initialization_and_destruction_0(int, int)	16	static
../Core/Src/MyMain.cpp:138:1:cpp)	8	static
../Core/Src/MyMain.cpp:138:1:cpp)	8	static
